<?xml version="1.0" encoding="UTF-8"?>
<TestRun id="169795d8-eed3-4073-a648-6a0e59ca3b4a" name="giaco_000@GIACOMO-HYLA 2015-01-23 11:43:52" runUser="GIACOMO-HYLA\giaco_000" xmlns="http://microsoft.com/schemas/VisualStudio/TeamTest/2010">
  <TestSettings name="Default Test Settings" id="3dd5836e-85c6-44f6-ad56-d89bfba067d7">
    <Execution>
      <TestTypeSpecific />
      <AgentRule name="Execution Agents">
      </AgentRule>
    </Execution>
    <Deployment runDeploymentRoot="giaco_000_GIACOMO-HYLA 2015-01-23 11_43_52" />
    <Properties />
  </TestSettings>
  <Times creation="2015-01-23T11:43:52.2482815-06:00" queuing="2015-01-23T11:43:52.9960325-06:00" start="2015-01-23T11:43:53.1895704-06:00" finish="2015-01-23T11:43:53.7033828-06:00" />
  <ResultSummary outcome="Completed">
    <Counters total="1" executed="1" passed="1" error="0" failed="0" timeout="0" aborted="0" inconclusive="0" passedButRunAborted="0" notRunnable="0" notExecuted="0" disconnected="0" warning="0" completed="0" inProgress="0" pending="0" />
  </ResultSummary>
  <TestDefinitions>
    <UnitTest name="TestMethod1" storage="./tests/bin/debug/tests.dll" id="645be3b1-62c0-fa66-927d-2b63d712797f">
      <Execution id="4c2cb85b-8787-4f7b-a4f2-1678ad8c7984" />
      <TestMethod codeBase="c:/Users/giaco_000/Workspace/h-opc/tests/bin/Debug/tests.DLL" adapterTypeName="Microsoft.VisualStudio.TestTools.TestTypes.Unit.UnitTestAdapter, Microsoft.VisualStudio.QualityTools.Tips.UnitTest.Adapter, Version=12.0.0.0, Culture=neutral, PublicKeyToken=b03f5f7f11d50a3a" className="tests.UnitTest1, tests, Version=1.0.0.0, Culture=neutral, PublicKeyToken=null" name="TestMethod1" />
    </UnitTest>
  </TestDefinitions>
  <TestLists>
    <TestList name="Results Not in a List" id="8c84fa94-04c1-424b-9868-57a2d4851a1d" />
    <TestList name="All Loaded Results" id="19431567-8539-422a-85d7-44ee4e166bda" />
  </TestLists>
  <TestEntries>
    <TestEntry testId="645be3b1-62c0-fa66-927d-2b63d712797f" executionId="4c2cb85b-8787-4f7b-a4f2-1678ad8c7984" testListId="8c84fa94-04c1-424b-9868-57a2d4851a1d" />
  </TestEntries>
  <Results>
    <UnitTestResult executionId="4c2cb85b-8787-4f7b-a4f2-1678ad8c7984" testId="645be3b1-62c0-fa66-927d-2b63d712797f" testName="TestMethod1" computerName="GIACOMO-HYLA" duration="00:00:00.0281936" startTime="2015-01-23T11:43:53.3128801-06:00" endTime="2015-01-23T11:43:53.6433294-06:00" testType="13cdc9d9-ddb5-4fa4-a97d-d965ccfc6d4b" outcome="Passed" testListId="8c84fa94-04c1-424b-9868-57a2d4851a1d" relativeResultsDirectory="4c2cb85b-8787-4f7b-a4f2-1678ad8c7984">
    </UnitTestResult>
  </Results>
</TestRun>